
[1m[46m RUN [49m[22m [36mv3.2.4 [39m[90mC:/Users/eddie/hvac-saas[39m

 [32mΓ£ô[39m lib/actions/__tests__/dispatch-calendar-scope-hardening.test.ts[2m > [22mdispatch calendar same-account scope hardening[2m > [22mallows same-account internal and excludes cross-account jobs/events/assignment expansion[32m 156[2mms[22m[39m
 [32mΓ£ô[39m lib/actions/__tests__/dispatch-calendar-scope-hardening.test.ts[2m > [22mdispatch calendar same-account scope hardening[2m > [22mdenies non-internal before dispatch dataset assembly[32m 6[2mms[22m[39m
node.exe : [90mstderr[2m | lib/actions/__tests__/ecc-status.test.ts[2m > 
[22m[2mevaluateEccOpsStatus[2m > [22m[2mforces failed when a required 
completed ECC run fails without correction-review resolution
At line:1 char:1
+ & "C:\Program Files\nodejs/node.exe" "C:\Program Files\nodejs/node_mo ...
+ ~~~~~~~~~~~~~~~~~~~~~~~~~~~~~~~~~~~~~~~~~~~~~~~~~~~~~~~~~~~~~~~~~~~~~
    + CategoryInfo          : NotSpecified: ([90mstderr[2m...view resolution 
   :String) [], RemoteException
    + FullyQualifiedErrorId : NativeCommandError
 
[22m[39m[ECC_EVAL] {
  jobId: [32m'job-1'[39m,
  current_ops_status: [32m'paperwork_required'[39m,
  computed_next_status: [32m'failed'[39m,
  reason: [32m'required_test_failed'[39m,
  manual_lock_prevented: [33mfalse[39m,
  final_ops_status: [32m'failed'[39m
}

 [32mΓ£ô[39m lib/actions/__tests__/job-evaluator.test.ts[2m > [22mevaluateJobOpsStatus[2m > [22mECC pre-field unscheduled resolves to need_to_schedule[32m 159[2mms[22m[39m
 [32mΓ£ô[39m lib/actions/__tests__/job-evaluator.test.ts[2m > [22mevaluateJobOpsStatus[2m > [22mECC pre-field scheduled resolves to scheduled[32m 1[2mms[22m[39m
 [32mΓ£ô[39m lib/actions/__tests__/job-evaluator.test.ts[2m > [22mevaluateJobOpsStatus[2m > [22mECC pre-field schedule removed resolves back to need_to_schedule[32m 1[2mms[22m[39m
 [32mΓ£ô[39m lib/actions/__tests__/job-evaluator.test.ts[2m > [22mevaluateJobOpsStatus[2m > [22mECC failed pre-field state is not overwritten by scheduling[32m 0[2mms[22m[39m
 [32mΓ£ô[39m lib/actions/__tests__/job-evaluator.test.ts[2m > [22mevaluateJobOpsStatus[2m > [22mECC retest_needed pre-field state is not overwritten by scheduling[32m 0[2mms[22m[39m
 [32mΓ£ô[39m lib/actions/__tests__/job-evaluator.test.ts[2m > [22mevaluateJobOpsStatus[2m > [22mservice pre-field scheduled path still resolves to scheduled[32m 1[2mms[22m[39m
 [32mΓ£ô[39m lib/actions/__tests__/job-evaluator.test.ts[2m > [22mevaluateJobOpsStatus[2m > [22mECC post-field path delegates to evaluateEccOpsStatus[32m 1[2mms[22m[39m
 [32mΓ£ô[39m lib/actions/__tests__/job-evaluator.test.ts[2m > [22mevaluateJobOpsStatus[2m > [22mpre-field path calls setOpsStatusIfNotManual (does not bypass manual-lock boundary)[32m 0[2mms[22m[39m
 [32mΓ£ô[39m lib/actions/__tests__/job-evaluator.test.ts[2m > [22mevaluateJobOpsStatus[2m > [22mthrows when job lookup fails[32m 1[2mms[22m[39m
[90mstderr[2m | lib/actions/__tests__/ecc-status.test.ts[2m > 
[22m[2mevaluateEccOpsStatus[2m > [22m[2mkeeps evidence-approved failed 
ECC jobs on closeout progression instead of re-failing them
[22m[39m[ECC_EVAL] {
  jobId: [32m'job-1'[39m,
  current_ops_status: [32m'failed'[39m,
  computed_next_status: [32m'invoice_required'[39m,
  reason: [32m'required_test_failed_resolved_by_correction_review'[39m,
  manual_lock_prevented: [33mfalse[39m,
  final_ops_status: [32m'invoice_required'[39m
}

[90mstderr[2m | lib/actions/__tests__/ecc-status.test.ts[2m > 
[22m[2mevaluateEccOpsStatus[2m > [22m[2mallows evidence-approved ECC jobs 
with certs and invoice complete to remain closed
[22m[39m[ECC_EVAL] {
  jobId: [32m'job-1'[39m,
  current_ops_status: [32m'failed'[39m,
  computed_next_status: [32m'closed'[39m,
  reason: [32m'required_test_failed_resolved_by_correction_review'[39m,
  manual_lock_prevented: [33mfalse[39m,
  final_ops_status: [32m'closed'[39m
}

[90mstderr[2m | lib/actions/__tests__/ecc-status.test.ts[2m > 
[22m[2mevaluateEccOpsStatus[2m > [22m[2madvances ordinary all-passed ECC 
jobs to closed when certs and invoice are complete
[22m[39m[ECC_EVAL] {
  jobId: [32m'job-1'[39m,
  current_ops_status: [32m'paperwork_required'[39m,
  computed_next_status: [32m'closed'[39m,
  reason: [32m'all_required_passed'[39m,
  manual_lock_prevented: [33mfalse[39m,
  final_ops_status: [32m'closed'[39m
}

 [32mΓ£ô[39m lib/actions/__tests__/ecc-status.test.ts[2m > [22mevaluateEccOpsStatus[2m > [22mforces failed when a required completed ECC run fails without correction-review resolution[32m 176[2mms[22m[39m
 [32mΓ£ô[39m lib/actions/__tests__/ecc-status.test.ts[2m > [22mevaluateEccOpsStatus[2m > [22mkeeps evidence-approved failed ECC jobs on closeout progression instead of re-failing them[32m 8[2mms[22m[39m
 [32mΓ£ô[39m lib/actions/__tests__/ecc-status.test.ts[2m > [22mevaluateEccOpsStatus[2m > [22mallows evidence-approved ECC jobs with certs and invoice complete to remain closed[32m 9[2mms[22m[39m
 [32mΓ£ô[39m lib/actions/__tests__/ecc-status.test.ts[2m > [22mevaluateEccOpsStatus[2m > [22madvances ordinary all-passed ECC jobs to closed when certs and invoice are complete[32m 9[2mms[22m[39m
 [32mΓ£ô[39m lib/actions/__tests__/notification-read-actions-scope-hardening.test.ts[2m > [22mnotification read-state same-account hardening[2m > [22mallows same-account internal listInternalNotifications and excludes cross-account rows[32m 189[2mms[22m[39m
 [32mΓ£ô[39m lib/actions/__tests__/notification-read-actions-scope-hardening.test.ts[2m > [22mnotification read-state same-account hardening[2m > [22mallows same-account internal getInternalUnreadNotificationCount in scoped owner only[32m 15[2mms[22m[39m
 [32mΓ£ô[39m lib/actions/__tests__/job-ops-contact-scope-hardening.test.ts[2m > [22minternal same-account ops/contact mutation hardening[2m > [22mdenies cross-account internal resolveFailureByCorrectionReviewFromForm before writes[32m 175[2mms[22m[39m
 [32mΓ£ô[39m lib/actions/__tests__/job-ops-contact-scope-hardening.test.ts[2m > [22minternal same-account ops/contact mutation hardening[2m > [22mdenies cross-account internal markCertsCompleteFromForm before writes[32m 12[2mms[22m[39m
 [32mΓ£ô[39m lib/actions/__tests__/job-ops-contact-scope-hardening.test.ts[2m > [22minternal same-account ops/contact mutation hardening[2m > [22mdenies cross-account internal markInvoiceCompleteFromForm before writes[32m 19[2mms[22m[39m
 [32mΓ£ô[39m lib/actions/__tests__/calendar-block-scope-hardening.test.ts[2m > [22mcalendar block same-account scope hardening[2m > [22mallows same-account internal createCalendarBlockEventFromForm and writes scoped calendar event[32m 151[2mms[22m[39m
 [32mΓ£ô[39m lib/actions/__tests__/calendar-block-scope-hardening.test.ts[2m > [22mcalendar block same-account scope hardening[2m > [22mallows same-account internal updateCalendarBlockEventFromForm past scoped event preflight[32m 17[2mms[22m[39m
 [32mΓ£ô[39m lib/actions/__tests__/calendar-block-scope-hardening.test.ts[2m > [22mcalendar block same-account scope hardening[2m > [22mallows same-account internal deleteCalendarBlockEventFromForm past scoped event preflight[32m 15[2mms[22m[39m
 [32mΓ£ô[39m lib/actions/__tests__/calendar-block-scope-hardening.test.ts[2m > [22mcalendar block same-account scope hardening[2m > [22mdenies cross-account internal createCalendarBlockEventFromForm before calendar_events write[32m 9[2mms[22m[39m
 [32mΓ£ô[39m lib/actions/__tests__/calendar-block-scope-hardening.test.ts[2m > [22mcalendar block same-account scope hardening[2m > [22mdenies cross-account internal updateCalendarBlockEventFromForm before calendar_events write[32m 8[2mms[22m[39m
 [32mΓ£ô[39m lib/actions/__tests__/calendar-block-scope-hardening.test.ts[2m > [22mcalendar block same-account scope hardening[2m > [22mdenies cross-account internal deleteCalendarBlockEventFromForm before calendar_events write[32m 15[2mms[22m[39m
[90mstderr[2m | lib/actions/__tests__/ecc-status.test.ts[2m > 
[22m[2mevaluateEccOpsStatus[2m > [22m[2mdoes not throw or force a 
closeout status when required tests pass before field completion
[22m[39m[ECC_EVAL] {
  jobId: [32m'job-1'[39m,
  current_ops_status: [32m'scheduled'[39m,
  computed_next_status: [32m'scheduled'[39m,
  reason: [32m'all_required_passed'[39m,
  manual_lock_prevented: [33mfalse[39m,
  final_ops_status: [32m'scheduled'[39m,
  pre_field_status_noop: [33mtrue[39m
}

 [32mΓ£ô[39m lib/actions/__tests__/contractor-intake-scope-hardening.test.ts[2m > [22mcontractor intake adjudication same-account hardening[2m > [22mallows same-account internal finalizeContractorIntakeSubmissionFromForm past adjudication preflight[32m 166[2mms[22m[39m
 [32mΓ£ô[39m lib/actions/__tests__/contractor-intake-scope-hardening.test.ts[2m > [22mcontractor intake adjudication same-account hardening[2m > [22mdenies cross-account internal finalizeContractorIntakeSubmissionFromForm before adjudication writes[32m 15[2mms[22m[39m
 [32mΓ£ô[39m lib/actions/__tests__/contractor-intake-scope-hardening.test.ts[2m > [22mcontractor intake adjudication same-account hardening[2m > [22mdenies non-internal finalizeContractorIntakeSubmissionFromForm before adjudication writes[32m 11[2mms[22m[39m
 [32mΓ£ô[39m lib/actions/__tests__/contractor-intake-scope-hardening.test.ts[2m > [22mcontractor intake adjudication same-account hardening[2m > [22mallows same-account internal rejectContractorIntakeSubmissionFromForm past adjudication preflight[32m 19[2mms[22m[39m
 [32mΓ£ô[39m lib/actions/__tests__/identity-admin-scope-hardening.test.ts[2m > [22midentity/admin same-account hardening[2m > [22mallows same-account internal createInternalUserFromForm past scoped preflight[32m 198[2mms[22m[39m
 [32mΓ£ô[39m lib/actions/__tests__/ecc-status.test.ts[2m > [22mevaluateEccOpsStatus[2m > [22mdoes not throw or force a closeout status when required tests pass before field completion[32m 14[2mms[22m[39m
 [32mΓ£ô[39m lib/actions/__tests__/contractor-crud-scope-hardening.test.ts[2m > [22mcontractor CRUD same-account hardening[2m > [22mdenies cross-account internal updateContractorFromForm before contractor write[32m 198[2mms[22m[39m
 [32mΓ£ô[39m lib/actions/__tests__/contractor-crud-scope-hardening.test.ts[2m > [22mcontractor CRUD same-account hardening[2m > [22mallows same-account internal updateContractorFromForm past scope preflight[32m 11[2mms[22m[39m
 [32mΓ£ô[39m lib/actions/__tests__/internal-business-profile-scope-hardening.test.ts[2m > [22minternal business profile scope hardening[2m > [22mallows same-account admin saveInternalBusinessProfileFromForm and reaches profile/storage mutation path[32m 184[2mms[22m[39m
 [32mΓ£ô[39m lib/actions/__tests__/internal-business-profile-scope-hardening.test.ts[2m > [22minternal business profile scope hardening[2m > [22mdenies cross-account or invalid scope before internal_business_profiles and storage mutations[32m 17[2mms[22m[39m
 [32mΓ£ô[39m lib/actions/__tests__/internal-business-profile-scope-hardening.test.ts[2m > [22minternal business profile scope hardening[2m > [22mdenies non-admin/non-internal before internal_business_profiles and storage mutations[32m 9[2mms[22m[39m
 [32mΓ£ô[39m lib/actions/__tests__/calendar-block-scope-hardening.test.ts[2m > [22mcalendar block same-account scope hardening[2m > [22mdenies non-internal for targeted calendar block entrypoints before calendar_events write[32m 9[2mms[22m[39m
 [32mΓ£ô[39m lib/actions/__tests__/attachment-action-scope-hardening.test.ts[2m > [22minternal attachment same-account hardening[2m > [22mallows same-account internal upload-token issuance[32m 209[2mms[22m[39m
 [32mΓ£ô[39m lib/actions/__tests__/notification-read-actions-scope-hardening.test.ts[2m > [22mnotification read-state same-account hardening[2m > [22mallows same-account internal markNotificationAsRead for scoped notification[32m 9[2mms[22m[39m
 [32mΓ£ô[39m lib/actions/__tests__/notification-read-actions-scope-hardening.test.ts[2m > [22mnotification read-state same-account hardening[2m > [22mdenies cross-account internal markNotificationAsRead before notifications write[32m 8[2mms[22m[39m
 [32mΓ£ô[39m lib/actions/__tests__/notification-read-actions-scope-hardening.test.ts[2m > [22mnotification read-state same-account hardening[2m > [22mallows same-account internal markAllNotificationsAsRead without mutating cross-account notifications[32m 7[2mms[22m[39m
 [32mΓ£ô[39m lib/actions/__tests__/notification-read-actions-scope-hardening.test.ts[2m > [22mnotification read-state same-account hardening[2m > [22mdenies non-internal access before scoped list/count/read-state mutation flows[32m 6[2mms[22m[39m
 [32mΓ£ô[39m lib/actions/__tests__/contractor-intake-title-handling.test.ts[2m > [22mcontractor-originated ECC title handling[2m > [22mdirect contractor ECC create uses the structured ECC title instead of freeform contractor title[32m 1[2mms[22m[39m
 [32mΓ£ô[39m lib/actions/__tests__/contractor-intake-title-handling.test.ts[2m > [22mcontractor-originated ECC title handling[2m > [22mcontractor service title behavior stays unchanged[32m 0[2mms[22m[39m
 [32mΓ£ô[39m lib/actions/__tests__/contractor-intake-title-handling.test.ts[2m > [22mcontractor-originated ECC title handling[2m > [22mproposal submission preserves contractor comments in proposed_job_notes[32m 0[2mms[22m[39m
 [32mΓ£ô[39m lib/actions/__tests__/internal-invoice-scope-hardening.test.ts[2m > [22minternal invoice mutation same-account hardening[2m > [22mdenies cross-account internal createInternalInvoiceDraftFromForm before invoice/jobs/events/notification writes and email side effects[32m 259[2mms[22m[39m
 [32mΓ£ô[39m lib/actions/__tests__/job-ops-contractor-report-scope-hardening.test.ts[2m > [22minternal same-account contractor report hardening[2m > [22mdenies cross-account internal generateContractorReportPreview before reads and side effects[32m 265[2mms[22m[39m
 [32mΓ£ô[39m lib/actions/__tests__/contractor-intake-scope-hardening.test.ts[2m > [22mcontractor intake adjudication same-account hardening[2m > [22mdenies cross-account internal rejectContractorIntakeSubmissionFromForm before adjudication writes[32m 9[2mms[22m[39m
 [32mΓ£ô[39m lib/actions/__tests__/contractor-intake-scope-hardening.test.ts[2m > [22mcontractor intake adjudication same-account hardening[2m > [22mdenies non-internal rejectContractorIntakeSubmissionFromForm before adjudication writes[32m 6[2mms[22m[39m
 [32mΓ£ô[39m lib/actions/__tests__/contractor-intake-scope-hardening.test.ts[2m > [22mcontractor intake adjudication same-account hardening[2m > [22mallows same-account internal markContractorIntakeSubmissionAsDuplicateFromForm past adjudication preflight[32m 8[2mms[22m[39m
 [32mΓ£ô[39m lib/actions/__tests__/contractor-intake-scope-hardening.test.ts[2m > [22mcontractor intake adjudication same-account hardening[2m > [22mdenies cross-account internal markContractorIntakeSubmissionAsDuplicateFromForm before adjudication writes[32m 21[2mms[22m[39m
 [32mΓ£ô[39m lib/actions/__tests__/contractor-intake-scope-hardening.test.ts[2m > [22mcontractor intake adjudication same-account hardening[2m > [22mdenies non-internal markContractorIntakeSubmissionAsDuplicateFromForm before adjudication writes[32m 11[2mms[22m[39m
 [32mΓ£ô[39m lib/actions/__tests__/job-ops-contact-scope-hardening.test.ts[2m > [22minternal same-account ops/contact mutation hardening[2m > [22mdenies cross-account internal updateJobOpsDetailsFromForm before writes[32m 13[2mms[22m[39m
 [32mΓ£ô[39m lib/actions/__tests__/job-ops-contact-scope-hardening.test.ts[2m > [22minternal same-account ops/contact mutation hardening[2m > [22mdenies cross-account internal updateJobOpsFromForm before writes[32m 8[2mms[22m[39m
 [32mΓ£ô[39m lib/actions/__tests__/job-ops-contact-scope-hardening.test.ts[2m > [22minternal same-account ops/contact mutation hardening[2m > [22mdenies cross-account internal markJobFieldCompleteFromForm before writes[32m 7[2mms[22m[39m
 [32mΓ£ô[39m lib/actions/__tests__/job-ops-contact-scope-hardening.test.ts[2m > [22minternal same-account ops/contact mutation hardening[2m > [22mdenies cross-account internal logCustomerContactAttemptFromForm before writes[32m 44[2mms[22m[39m
 [32mΓ£ô[39m lib/actions/__tests__/job-ops-contact-scope-hardening.test.ts[2m > [22minternal same-account ops/contact mutation hardening[2m > [22mdenies cross-account internal releasePendingInfoAndRecomputeFromForm before writes[32m 11[2mms[22m[39m
 [32mΓ£ô[39m lib/actions/__tests__/job-ops-contact-scope-hardening.test.ts[2m > [22minternal same-account ops/contact mutation hardening[2m > [22mdenies cross-account internal releaseAndReevaluateFromForm before writes[32m 13[2mms[22m[39m
 [32mΓ£ô[39m lib/actions/__tests__/attachment-action-scope-hardening.test.ts[2m > [22minternal attachment same-account hardening[2m > [22mdenies cross-account internal upload-token issuance before insert[32m 8[2mms[22m[39m
 [32mΓ£ô[39m lib/actions/__tests__/attachment-action-scope-hardening.test.ts[2m > [22minternal attachment same-account hardening[2m > [22mallows same-account internal finalize upload[32m 24[2mms[22m[39m
 [32mΓ£ô[39m lib/actions/__tests__/attachment-action-scope-hardening.test.ts[2m > [22minternal attachment same-account hardening[2m > [22mdenies cross-account internal finalize upload before event write[32m 11[2mms[22m[39m
 [32mΓ£ô[39m lib/actions/__tests__/attachment-action-scope-hardening.test.ts[2m > [22minternal attachment same-account hardening[2m > [22mallows same-account internal discard upload[32m 13[2mms[22m[39m
 [32mΓ£ô[39m lib/actions/__tests__/attachment-action-scope-hardening.test.ts[2m > [22minternal attachment same-account hardening[2m > [22mdenies cross-account internal discard upload before delete[32m 12[2mms[22m[39m
 [32mΓ£ô[39m lib/actions/__tests__/attachment-action-scope-hardening.test.ts[2m > [22minternal attachment same-account hardening[2m > [22mallows same-account internal share-to-contractor[32m 13[2mms[22m[39m
 [32mΓ£ô[39m lib/actions/__tests__/attachment-action-scope-hardening.test.ts[2m > [22minternal attachment same-account hardening[2m > [22mdenies cross-account internal share-to-contractor before public note write[32m 7[2mms[22m[39m
 [32mΓ£ô[39m lib/actions/__tests__/identity-admin-scope-hardening.test.ts[2m > [22midentity/admin same-account hardening[2m > [22mdenies cross-account internal createInternalUserFromForm before internal_users writes/identity side effects[32m 10[2mms[22m[39m
 [32mΓ£ô[39m lib/actions/__tests__/identity-admin-scope-hardening.test.ts[2m > [22midentity/admin same-account hardening[2m > [22mdenies non-internal createInternalUserFromForm before internal_users writes/identity side effects[32m 6[2mms[22m[39m
 [32mΓ£ô[39m lib/actions/__tests__/identity-admin-scope-hardening.test.ts[2m > [22midentity/admin same-account hardening[2m > [22mallows same-account internal updateInternalUserRoleFromForm past scoped preflight[32m 18[2mms[22m[39m
 [32mΓ£ô[39m lib/actions/__tests__/identity-admin-scope-hardening.test.ts[2m > [22midentity/admin same-account hardening[2m > [22mdenies cross-account internal updateInternalUserRoleFromForm before internal_users writes/identity side effects[32m 11[2mms[22m[39m
 [32mΓ£ô[39m lib/actions/__tests__/identity-admin-scope-hardening.test.ts[2m > [22midentity/admin same-account hardening[2m > [22mdenies non-internal updateInternalUserRoleFromForm before internal_users writes/identity side effects[32m 18[2mms[22m[39m
 [32mΓ£ô[39m lib/actions/__tests__/identity-admin-scope-hardening.test.ts[2m > [22midentity/admin same-account hardening[2m > [22mallows same-account internal activateInternalUserFromForm past scoped preflight[32m 9[2mms[22m[39m
 [32mΓ£ô[39m lib/actions/__tests__/identity-admin-scope-hardening.test.ts[2m > [22midentity/admin same-account hardening[2m > [22mdenies cross-account internal activateInternalUserFromForm before internal_users writes/identity side effects[32m 8[2mms[22m[39m
 [32mΓ£ô[39m lib/actions/__tests__/identity-admin-scope-hardening.test.ts[2m > [22midentity/admin same-account hardening[2m > [22mdenies non-internal activateInternalUserFromForm before internal_users writes/identity side effects[32m 12[2mms[22m[39m
 [32mΓ£ô[39m lib/actions/__tests__/identity-admin-scope-hardening.test.ts[2m > [22midentity/admin same-account hardening[2m > [22mallows same-account internal deactivateInternalUserFromForm past scoped preflight[32m 8[2mms[22m[39m
 [32mΓ£ô[39m lib/actions/__tests__/notification-actions.test.ts[2m > [22mcreateContractorIntakeProposalAwarenessNotification[2m > [22mcreates the internal awareness notification row for proposal submission[33m 337[2mms[22m[39m
 [32mΓ£ô[39m lib/actions/__tests__/job-ops-contractor-report-scope-hardening.test.ts[2m > [22minternal same-account contractor report hardening[2m > [22mdenies cross-account internal sendContractorReport before writes and side effects[32m 25[2mms[22m[39m
 [32mΓ£ô[39m lib/actions/__tests__/job-ops-contractor-report-scope-hardening.test.ts[2m > [22minternal same-account contractor report hardening[2m > [22mallows same-account internal generateContractorReportPreview past scope preflight[32m 24[2mms[22m[39m
 [32mΓ£ô[39m lib/actions/__tests__/job-ops-contractor-report-scope-hardening.test.ts[2m > [22minternal same-account contractor report hardening[2m > [22mallows same-account internal sendContractorReport past scope preflight[32m 27[2mms[22m[39m
 [32mΓ£ô[39m lib/actions/__tests__/notification-actions.test.ts[2m > [22mcreateContractorIntakeProposalAwarenessNotification[2m > [22mthrows when the awareness insert fails[32m 13[2mms[22m[39m
 [32mΓ£ô[39m lib/actions/__tests__/internal-invoice-scope-hardening.test.ts[2m > [22minternal invoice mutation same-account hardening[2m > [22mallows same-account internal createInternalInvoiceDraftFromForm past scoped-job preflight[32m 22[2mms[22m[39m
 [32mΓ£ô[39m lib/actions/__tests__/internal-invoice-scope-hardening.test.ts[2m > [22minternal invoice mutation same-account hardening[2m > [22mdenies non-internal createInternalInvoiceDraftFromForm before invoice/jobs/events/notification writes and email side effects[32m 13[2mms[22m[39m
 [32mΓ£ô[39m lib/actions/__tests__/internal-invoice-scope-hardening.test.ts[2m > [22minternal invoice mutation same-account hardening[2m > [22mdenies cross-account internal saveInternalInvoiceDraftFromForm before invoice/jobs/events/notification writes and email side effects[32m 16[2mms[22m[39m
 [32mΓ£ô[39m lib/actions/__tests__/internal-invoice-scope-hardening.test.ts[2m > [22minternal invoice mutation same-account hardening[2m > [22mallows same-account internal saveInternalInvoiceDraftFromForm past scoped-job preflight[32m 15[2mms[22m[39m
 [32mΓ£ô[39m lib/actions/__tests__/internal-invoice-scope-hardening.test.ts[2m > [22minternal invoice mutation same-account hardening[2m > [22mdenies non-internal saveInternalInvoiceDraftFromForm before invoice/jobs/events/notification writes and email side effects[32m 17[2mms[22m[39m
 [32mΓ£ô[39m lib/actions/__tests__/internal-invoice-scope-hardening.test.ts[2m > [22minternal invoice mutation same-account hardening[2m > [22mdenies cross-account internal issueInternalInvoiceFromForm before invoice/jobs/events/notification writes and email side effects[32m 8[2mms[22m[39m
 [32mΓ£ô[39m lib/actions/__tests__/internal-invoice-scope-hardening.test.ts[2m > [22minternal invoice mutation same-account hardening[2m > [22mallows same-account internal issueInternalInvoiceFromForm past scoped-job preflight[32m 8[2mms[22m[39m
 [32mΓ£ô[39m lib/actions/__tests__/internal-invoice-scope-hardening.test.ts[2m > [22minternal invoice mutation same-account hardening[2m > [22mdenies non-internal issueInternalInvoiceFromForm before invoice/jobs/events/notification writes and email side effects[32m 19[2mms[22m[39m
 [32mΓ£ô[39m lib/actions/__tests__/job-ops-contact-scope-hardening.test.ts[2m > [22minternal same-account ops/contact mutation hardening[2m > [22mallows same-account internal resolveFailureByCorrectionReviewFromForm past scope preflight[32m 10[2mms[22m[39m
 [32mΓ£ô[39m lib/actions/__tests__/job-ops-contact-scope-hardening.test.ts[2m > [22minternal same-account ops/contact mutation hardening[2m > [22mallows same-account internal markCertsCompleteFromForm past scope preflight[32m 13[2mms[22m[39m
 [32mΓ£ô[39m lib/actions/__tests__/job-ops-contact-scope-hardening.test.ts[2m > [22minternal same-account ops/contact mutation hardening[2m > [22mallows same-account internal markInvoiceCompleteFromForm past scope preflight[32m 8[2mms[22m[39m
 [32mΓ£ô[39m lib/actions/__tests__/job-ops-contact-scope-hardening.test.ts[2m > [22minternal same-account ops/contact mutation hardening[2m > [22mallows same-account internal updateJobOpsDetailsFromForm past scope preflight[32m 13[2mms[22m[39m
 [32mΓ£ô[39m lib/actions/__tests__/job-ops-contact-scope-hardening.test.ts[2m > [22minternal same-account ops/contact mutation hardening[2m > [22mallows same-account internal updateJobOpsFromForm past scope preflight[32m 8[2mms[22m[39m
 [32mΓ£ô[39m lib/actions/__tests__/job-ops-contact-scope-hardening.test.ts[2m > [22minternal same-account ops/contact mutation hardening[2m > [22mallows same-account internal markJobFieldCompleteFromForm past scope preflight[32m 5[2mms[22m[39m
 [32mΓ£ô[39m lib/actions/__tests__/job-ops-contact-scope-hardening.test.ts[2m > [22minternal same-account ops/contact mutation hardening[2m > [22mallows same-account internal logCustomerContactAttemptFromForm past scope preflight[32m 5[2mms[22m[39m
 [32mΓ£ô[39m lib/actions/__tests__/job-ops-contact-scope-hardening.test.ts[2m > [22minternal same-account ops/contact mutation hardening[2m > [22mallows same-account internal releasePendingInfoAndRecomputeFromForm past scope preflight[32m 15[2mms[22m[39m
 [32mΓ£ô[39m lib/actions/__tests__/job-ops-contact-scope-hardening.test.ts[2m > [22minternal same-account ops/contact mutation hardening[2m > [22mallows same-account internal releaseAndReevaluateFromForm past scope preflight[32m 6[2mms[22m[39m
 [32mΓ£ô[39m lib/actions/__tests__/job-legacy-detail-entrypoint-scope-hardening.test.ts[2m > [22mlegacy job-detail entrypoint same-account hardening[2m > [22mdenies cross-account internal updateJobTypeFromForm before jobs/job_events writes[33m 392[2mms[22m[39m
[90mstdout[2m | lib/actions/__tests__/job-lifecycle-scope-hardening.test.ts[2m > [22m[2minternal same-account lifecycle scheduling hardening[2m > [22m[2mdenies cross-account internal advanceJobStatusFromForm before writes
[22m[39m[ADVANCE_STATUS_ENTRY] { jobId: [32m'job-1'[39m, ts: [32m'2026-04-25T12:56:44.674Z'[39m }

[90mstderr[2m | 
lib/actions/__tests__/job-admin-terminal-scope-hardening.test.ts[2m > 
[22m[2madmin terminal job mutation same-account hardening[2m > 
[22m[2mallows same-account admin archiveJobFromForm past scoped job preflight
[22m[39mARCHIVE UPDATE {
  updated: { id: [32m'job-1'[39m, deleted_at: 
[32m'2026-04-24T10:00:00.000Z'[39m },
  upErr: [1mnull[22m
}

 [32mΓ£ô[39m lib/actions/__tests__/job-detail-customer-notes-data-entry-scope-hardening.test.ts[2m > [22minternal job-detail customer/notes/data-entry same-account hardening[2m > [22mallows same-account internal updateJobCustomerFromForm past scoped-job preflight[33m 472[2mms[22m[39m
 [32mΓ£ô[39m lib/actions/__tests__/job-admin-terminal-scope-hardening.test.ts[2m > [22madmin terminal job mutation same-account hardening[2m > [22mallows same-account admin archiveJobFromForm past scoped job preflight[33m 407[2mms[22m[39m
 [32mΓ£ô[39m lib/actions/__tests__/job-intake-create-scope-hardening.test.ts[2m > [22mjob intake create same-account hardening[2m > [22mallows same-account internal createJobFromForm to reach authorized create path[33m 406[2mms[22m[39m
 [32mΓ£ô[39m lib/actions/__tests__/job-lifecycle-scope-hardening.test.ts[2m > [22minternal same-account lifecycle scheduling hardening[2m > [22mdenies cross-account internal advanceJobStatusFromForm before writes[33m 391[2mms[22m[39m
 [32mΓ£ô[39m lib/actions/__tests__/identity-admin-scope-hardening.test.ts[2m > [22midentity/admin same-account hardening[2m > [22mdenies cross-account internal deactivateInternalUserFromForm before internal_users writes/identity side effects[32m 12[2mms[22m[39m
 [32mΓ£ô[39m lib/actions/__tests__/identity-admin-scope-hardening.test.ts[2m > [22midentity/admin same-account hardening[2m > [22mdenies non-internal deactivateInternalUserFromForm before internal_users writes/identity side effects[32m 7[2mms[22m[39m
 [32mΓ£ô[39m lib/actions/__tests__/identity-admin-scope-hardening.test.ts[2m > [22midentity/admin same-account hardening[2m > [22mallows same-account internal inviteInternalUserFromForm past scoped preflight[32m 13[2mms[22m[39m
 [32mΓ£ô[39m lib/actions/__tests__/identity-admin-scope-hardening.test.ts[2m > [22midentity/admin same-account hardening[2m > [22mdenies cross-account internal inviteInternalUserFromForm before internal_users writes/identity side effects[32m 5[2mms[22m[39m
 [32mΓ£ô[39m lib/actions/__tests__/identity-admin-scope-hardening.test.ts[2m > [22midentity/admin same-account hardening[2m > [22mdenies non-internal inviteInternalUserFromForm before internal_users writes/identity side effects[32m 4[2mms[22m[39m
 [32mΓ£ô[39m lib/actions/__tests__/identity-admin-scope-hardening.test.ts[2m > [22midentity/admin same-account hardening[2m > [22mallows same-account internal deleteInternalUserFromForm past scoped preflight[32m 5[2mms[22m[39m
 [32mΓ£ô[39m lib/actions/__tests__/identity-admin-scope-hardening.test.ts[2m > [22midentity/admin same-account hardening[2m > [22mdenies cross-account internal deleteInternalUserFromForm before internal_users writes/identity side effects[32m 7[2mms[22m[39m
 [32mΓ£ô[39m lib/actions/__tests__/identity-admin-scope-hardening.test.ts[2m > [22midentity/admin same-account hardening[2m > [22mdenies non-internal deleteInternalUserFromForm before internal_users writes/identity side effects[32m 14[2mms[22m[39m
 [32mΓ£ô[39m lib/actions/__tests__/identity-admin-scope-hardening.test.ts[2m > [22midentity/admin same-account hardening[2m > [22mallows same-account internal updateInternalUserProfileFromForm past scoped preflight[32m 5[2mms[22m[39m
 [32mΓ£ô[39m lib/actions/__tests__/identity-admin-scope-hardening.test.ts[2m > [22midentity/admin same-account hardening[2m > [22mdenies cross-account internal updateInternalUserProfileFromForm before internal_users writes/identity side effects[32m 5[2mms[22m[39m
 [32mΓ£ô[39m lib/actions/__tests__/identity-admin-scope-hardening.test.ts[2m > [22midentity/admin same-account hardening[2m > [22mdenies non-internal updateInternalUserProfileFromForm before internal_users writes/identity side effects[32m 4[2mms[22m[39m
 [32mΓ£ô[39m lib/actions/__tests__/internal-invoice-scope-hardening.test.ts[2m > [22minternal invoice mutation same-account hardening[2m > [22mdenies cross-account internal voidInternalInvoiceFromForm before invoice/jobs/events/notification writes and email side effects[32m 7[2mms[22m[39m
 [32mΓ£ô[39m lib/actions/__tests__/internal-invoice-scope-hardening.test.ts[2m > [22minternal invoice mutation same-account hardening[2m > [22mallows same-account internal voidInternalInvoiceFromForm past scoped-job preflight[32m 8[2mms[22m[39m
 [32mΓ£ô[39m lib/actions/__tests__/internal-invoice-scope-hardening.test.ts[2m > [22minternal invoice mutation same-account hardening[2m > [22mdenies non-internal voidInternalInvoiceFromForm before invoice/jobs/events/notification writes and email side effects[32m 8[2mms[22m[39m
 [32mΓ£ô[39m lib/actions/__tests__/internal-invoice-scope-hardening.test.ts[2m > [22minternal invoice mutation same-account hardening[2m > [22mdenies cross-account internal addInternalInvoiceLineItemFromForm before invoice/jobs/events/notification writes and email side effects[32m 20[2mms[22m[39m
 [32mΓ£ô[39m lib/actions/__tests__/internal-invoice-scope-hardening.test.ts[2m > [22minternal invoice mutation same-account hardening[2m > [22mallows same-account internal addInternalInvoiceLineItemFromForm past scoped-job preflight[32m 24[2mms[22m[39m
 [32mΓ£ô[39m lib/actions/__tests__/internal-invoice-scope-hardening.test.ts[2m > [22minternal invoice mutation same-account hardening[2m > [22mdenies non-internal addInternalInvoiceLineItemFromForm before invoice/jobs/events/notification writes and email side effects[32m 9[2mms[22m[39m
 [32mΓ£ô[39m lib/actions/__tests__/internal-invoice-scope-hardening.test.ts[2m > [22minternal invoice mutation same-account hardening[2m > [22mdenies cross-account internal updateInternalInvoiceLineItemFromForm before invoice/jobs/events/notification writes and email side effects[32m 9[2mms[22m[39m
 [32mΓ£ô[39m lib/actions/__tests__/internal-invoice-scope-hardening.test.ts[2m > [22minternal invoice mutation same-account hardening[2m > [22mallows same-account internal updateInternalInvoiceLineItemFromForm past scoped-job preflight[32m 13[2mms[22m[39m
 [32mΓ£ô[39m lib/actions/__tests__/internal-invoice-scope-hardening.test.ts[2m > [22minternal invoice mutation same-account hardening[2m > [22mdenies non-internal updateInternalInvoiceLineItemFromForm before invoice/jobs/events/notification writes and email side effects[32m 22[2mms[22m[39m
 [32mΓ£ô[39m lib/actions/__tests__/job-admin-terminal-scope-hardening.test.ts[2m > [22madmin terminal job mutation same-account hardening[2m > [22mallows same-account admin cancelJobFromForm past scoped job preflight[32m 54[2mms[22m[39m
 [32mΓ£ô[39m lib/actions/__tests__/job-detail-customer-notes-data-entry-scope-hardening.test.ts[2m > [22minternal job-detail customer/notes/data-entry same-account hardening[2m > [22mallows same-account internal addPublicNoteFromForm past scoped-job preflight[32m 54[2mms[22m[39m
 [32mΓ£ô[39m lib/actions/__tests__/job-lifecycle-scope-hardening.test.ts[2m > [22minternal same-account lifecycle scheduling hardening[2m > [22mdenies cross-account internal revertOnTheWayFromForm before writes[32m 56[2mms[22m[39m
 [32mΓ£ô[39m lib/actions/__tests__/job-ops-actions.test.ts[2m > [22mreleaseAndReevaluate[2m > [22mheals fully complete ECC jobs to closed after release reevaluation[33m 527[2mms[22m[39m
 [32mΓ£ô[39m lib/actions/__tests__/identity-admin-scope-hardening.test.ts[2m > [22midentity/admin same-account hardening[2m > [22mallows same-account internal resendInternalInviteFromForm past scoped preflight[32m 49[2mms[22m[39m
 [32mΓ£ô[39m lib/actions/__tests__/identity-admin-scope-hardening.test.ts[2m > [22midentity/admin same-account hardening[2m > [22mdenies cross-account internal resendInternalInviteFromForm before internal_users writes/identity side effects[32m 7[2mms[22m[39m
 [32mΓ£ô[39m lib/actions/__tests__/identity-admin-scope-hardening.test.ts[2m > [22midentity/admin same-account hardening[2m > [22mdenies non-internal resendInternalInviteFromForm before internal_users writes/identity side effects[32m 5[2mms[22m[39m
 [32mΓ£ô[39m lib/actions/__tests__/identity-admin-scope-hardening.test.ts[2m > [22midentity/admin same-account hardening[2m > [22mallows same-account internal sendPasswordResetFromForm past scoped preflight[32m 6[2mms[22m[39m
 [32mΓ£ô[39m lib/actions/__tests__/identity-admin-scope-hardening.test.ts[2m > [22midentity/admin same-account hardening[2m > [22mdenies cross-account internal sendPasswordResetFromForm before internal_users writes/identity side effects[32m 11[2mms[22m[39m
 [32mΓ£ô[39m lib/actions/__tests__/identity-admin-scope-hardening.test.ts[2m > [22midentity/admin same-account hardening[2m > [22mdenies non-internal sendPasswordResetFromForm before internal_users writes/identity side effects[32m 14[2mms[22m[39m
 [32mΓ£ô[39m lib/actions/__tests__/identity-admin-scope-hardening.test.ts[2m > [22midentity/admin same-account hardening[2m > [22mallows same-account internal resendContractorInviteFromForm past scoped preflight[32m 15[2mms[22m[39m
 [32mΓ£ô[39m lib/actions/__tests__/identity-admin-scope-hardening.test.ts[2m > [22midentity/admin same-account hardening[2m > [22mdenies cross-account internal resendContractorInviteFromForm before internal_users writes/identity side effects[32m 23[2mms[22m[39m
 [32mΓ£ô[39m lib/actions/__tests__/identity-admin-scope-hardening.test.ts[2m > [22midentity/admin same-account hardening[2m > [22mdenies non-internal resendContractorInviteFromForm before internal_users writes/identity side effects[32m 14[2mms[22m[39m
 [32mΓ£ô[39m lib/actions/__tests__/job-legacy-detail-entrypoint-scope-hardening.test.ts[2m > [22mlegacy job-detail entrypoint same-account hardening[2m > [22mallows same-account internal updateJobTypeFromForm past scope preflight[32m 57[2mms[22m[39m
 [32mΓ£ô[39m lib/actions/__tests__/job-legacy-detail-entrypoint-scope-hardening.test.ts[2m > [22mlegacy job-detail entrypoint same-account hardening[2m > [22mdenies non-internal updateJobTypeFromForm before jobs/job_events writes[32m 78[2mms[22m[39m
 [32mΓ£ô[39m lib/actions/__tests__/customer-standalone-scope-hardening.test.ts[2m > [22mcustomer standalone same-account hardening[2m > [22mdenies cross-account internal archiveCustomerFromForm before customer write[32m 52[2mms[22m[39m
 [32mΓ£ô[39m lib/actions/__tests__/customer-standalone-scope-hardening.test.ts[2m > [22mcustomer standalone same-account hardening[2m > [22mallows same-account internal archiveCustomerFromForm[32m 14[2mms[22m[39m
 [32mΓ£ô[39m lib/actions/__tests__/customer-standalone-scope-hardening.test.ts[2m > [22mcustomer standalone same-account hardening[2m > [22mdenies cross-account internal updateCustomerNotesFromForm before customer write[32m 9[2mms[22m[39m
 [32mΓ£ô[39m lib/actions/__tests__/customer-standalone-scope-hardening.test.ts[2m > [22mcustomer standalone same-account hardening[2m > [22mallows same-account internal updateCustomerNotesFromForm[32m 11[2mms[22m[39m
 [32mΓ£ô[39m lib/actions/__tests__/service-action-scope-hardening.test.ts[2m > [22minternal same-account service closeout mutation hardening[2m > [22mdenies cross-account internal markServiceComplete before writes[32m 61[2mms[22m[39m
 [32mΓ£ô[39m lib/actions/__tests__/service-action-scope-hardening.test.ts[2m > [22minternal same-account service closeout mutation hardening[2m > [22mdenies cross-account internal markInvoiceSent before writes[32m 9[2mms[22m[39m
 [32mΓ£ô[39m lib/actions/__tests__/service-action-scope-hardening.test.ts[2m > [22minternal same-account service closeout mutation hardening[2m > [22mallows same-account internal markServiceComplete past scope preflight[32m 13[2mms[22m[39m
 [32mΓ£ô[39m lib/actions/__tests__/service-action-scope-hardening.test.ts[2m > [22minternal same-account service closeout mutation hardening[2m > [22mallows same-account internal markInvoiceSent past scope preflight[32m 13[2mms[22m[39m
 [32mΓ£ô[39m lib/actions/__tests__/job-contractor-relink-scope-hardening.test.ts[2m > [22mjob contractor relink same-account hardening[2m > [22mdenies cross-account internal updateJobContractorFromForm before jobs/job_events writes[33m 548[2mms[22m[39m
 [32mΓ£ô[39m lib/actions/__tests__/ecc-save-complete-scope-hardening.test.ts[2m > [22minternal ECC save/save-complete same-account hardening[2m > [22mallows same-account internal saveRefrigerantChargeDataFromForm past scoped ECC preflight[33m 551[2mms[22m[39m
 [32mΓ£ô[39m lib/actions/__tests__/ecc-action-scope-hardening.test.ts[2m > [22minternal ECC same-account hardening[2m > [22mallows same-account internal override update[33m 562[2mms[22m[39m
 [32mΓ£ô[39m lib/actions/__tests__/job-staffing-scope-hardening.test.ts[2m > [22minternal staffing same-account hardening[2m > [22mdenies cross-account internal assignJobAssigneeFromForm before assignment or staffing event writes[33m 571[2mms[22m[39m
 [32mΓ£ô[39m lib/actions/__tests__/equipment-action-scope-hardening.test.ts[2m > [22minternal equipment/system same-account hardening[2m > [22mallows same-account internal add equipment with coupled system reuse[33m 560[2mms[22m[39m
 [32mΓ£ô[39m lib/actions/__tests__/job-action-scope-hardening.test.ts[2m > [22minternal same-account job mutation hardening[2m > [22mallows same-account internal visit scope mutation[33m 602[2mms[22m[39m
 [32mΓ£ô[39m lib/actions/__tests__/contractor-intake-title-handling.test.ts[2m > [22mcontractor-originated ECC title handling[2m > [22mproposal finalization ignores proposed ECC title and preserves canonical job notes[33m 453[2mms[22m[39m
 [32mΓ£ô[39m lib/actions/__tests__/identity-admin-scope-hardening.test.ts[2m > [22midentity/admin same-account hardening[2m > [22mallows same-account internal inviteContractorUserFromForm past scoped preflight[32m 17[2mms[22m[39m
 [32mΓ£ô[39m lib/actions/__tests__/identity-admin-scope-hardening.test.ts[2m > [22midentity/admin same-account hardening[2m > [22mdenies cross-account internal inviteContractorUserFromForm before internal_users writes/identity side effects[32m 26[2mms[22m[39m
 [32mΓ£ô[39m lib/actions/__tests__/identity-admin-scope-hardening.test.ts[2m > [22midentity/admin same-account hardening[2m > [22mdenies non-internal inviteContractorUserFromForm before internal_users writes/identity side effects[32m 20[2mms[22m[39m
 [32mΓ£ô[39m lib/actions/__tests__/internal-invoice-scope-hardening.test.ts[2m > [22minternal invoice mutation same-account hardening[2m > [22mdenies cross-account internal removeInternalInvoiceLineItemFromForm before invoice/jobs/events/notification writes and email side effects[32m 31[2mms[22m[39m
 [32mΓ£ô[39m lib/actions/__tests__/internal-invoice-scope-hardening.test.ts[2m > [22minternal invoice mutation same-account hardening[2m > [22mallows same-account internal removeInternalInvoiceLineItemFromForm past scoped-job preflight[32m 24[2mms[22m[39m
 [32mΓ£ô[39m lib/actions/__tests__/internal-invoice-scope-hardening.test.ts[2m > [22minternal invoice mutation same-account hardening[2m > [22mdenies non-internal removeInternalInvoiceLineItemFromForm before invoice/jobs/events/notification writes and email side effects[32m 32[2mms[22m[39m
 [32mΓ£ô[39m lib/actions/__tests__/internal-invoice-scope-hardening.test.ts[2m > [22minternal invoice mutation same-account hardening[2m > [22mdenies cross-account internal sendInternalInvoiceEmailFromForm before invoice/jobs/events/notification writes and email side effects[32m 24[2mms[22m[39m
 [32mΓ£ô[39m lib/actions/__tests__/job-intake-create-scope-hardening.test.ts[2m > [22mjob intake create same-account hardening[2m > [22mdenies cross-account or invalid-scope internal createJobFromForm before canonical writes and side effects[32m 69[2mms[22m[39m
 [32mΓ£ô[39m lib/actions/__tests__/job-intake-create-scope-hardening.test.ts[2m > [22mjob intake create same-account hardening[2m > [22mdenies non-internal createJobFromForm before canonical writes and side effects[32m 135[2mms[22m[39m
 [32mΓ£ô[39m lib/actions/__tests__/contractor-invite-acceptance-scope-hardening.test.ts[2m > [22mcontractor invite acceptance same-scope hardening[2m > [22mallows deterministic same-scope acceptance via auth_user_id[32m 63[2mms[22m[39m
 [32mΓ£ô[39m lib/actions/__tests__/contractor-invite-acceptance-scope-hardening.test.ts[2m > [22mcontractor invite acceptance same-scope hardening[2m > [22mdenies ambiguous fallback-by-email scope before contractor_users/contractor_invites writes[32m 4[2mms[22m[39m
 [32mΓ£ô[39m lib/actions/__tests__/contractor-invite-acceptance-scope-hardening.test.ts[2m > [22mcontractor invite acceptance same-scope hardening[2m > [22mdenies invalid contractor/account scope before contractor_users/contractor_invites writes[32m 6[2mms[22m[39m
 [32mΓ£ô[39m lib/actions/__tests__/job-detail-customer-notes-data-entry-scope-hardening.test.ts[2m > [22minternal job-detail customer/notes/data-entry same-account hardening[2m > [22mallows same-account internal addInternalNoteFromForm past scoped-job preflight[32m 77[2mms[22m[39m
 [32mΓ£ô[39m lib/actions/__tests__/contractor-admin-edge-scope-hardening.test.ts[2m > [22mcontractor admin edge same-account hardening[2m > [22mallows same-account internal/admin updateContractorNameAndEmailFromForm past scoped preflight[32m 34[2mms[22m[39m
 [32mΓ£ô[39m lib/actions/__tests__/contractor-admin-edge-scope-hardening.test.ts[2m > [22mcontractor admin edge same-account hardening[2m > [22mallows same-account internal/admin createQuickContractorFromForm and stamps actor owner[32m 23[2mms[22m[39m
 [32mΓ£ô[39m lib/actions/__tests__/contractor-admin-edge-scope-hardening.test.ts[2m > [22mcontractor admin edge same-account hardening[2m > [22mdenies cross-account internal/admin updateContractorNameAndEmailFromForm before write[32m 15[2mms[22m[39m
 [32mΓ£ô[39m lib/actions/__tests__/contractor-admin-edge-scope-hardening.test.ts[2m > [22mcontractor admin edge same-account hardening[2m > [22mdenies cross-account internal/admin createQuickContractorFromForm before write[32m 8[2mms[22m[39m
 [32mΓ£ô[39m lib/actions/__tests__/contractor-admin-edge-scope-hardening.test.ts[2m > [22mcontractor admin edge same-account hardening[2m > [22mdenies non-internal updateContractorNameAndEmailFromForm before write[32m 19[2mms[22m[39m
 [32mΓ£ô[39m lib/actions/__tests__/contractor-admin-edge-scope-hardening.test.ts[2m > [22mcontractor admin edge same-account hardening[2m > [22mdenies non-internal createQuickContractorFromForm before write[32m 10[2mms[22m[39m
 [32mΓ£ô[39m lib/actions/__tests__/job-legacy-detail-entrypoint-scope-hardening.test.ts[2m > [22mlegacy job-detail entrypoint same-account hardening[2m > [22mdenies cross-account internal promoteCompanionScopeToServiceJobFromForm before jobs/job_events writes[32m 102[2mms[22m[39m
 [32mΓ£ô[39m lib/actions/__tests__/job-admin-terminal-scope-hardening.test.ts[2m > [22madmin terminal job mutation same-account hardening[2m > [22mdenies cross-account admin archiveJobFromForm before jobs write[32m 84[2mms[22m[39m
 [32mΓ£ô[39m lib/actions/__tests__/job-lifecycle-scope-hardening.test.ts[2m > [22minternal same-account lifecycle scheduling hardening[2m > [22mdenies cross-account internal updateJobScheduleFromForm before writes or emails[32m 82[2mms[22m[39m
 [32mΓ£ô[39m lib/portal/__tests__/contractor-intake-proposal-scope-hardening.test.ts[2m > [22mcontractor portal intake proposal scope hardening[2m > [22mallows same-contractor pending proposal list reads[32m 57[2mms[22m[39m
 [32mΓ£ô[39m lib/portal/__tests__/contractor-intake-proposal-scope-hardening.test.ts[2m > [22mcontractor portal intake proposal scope hardening[2m > [22mdenies mismatched contractor list reads before elevated proposal access[32m 6[2mms[22m[39m
 [32mΓ£ô[39m lib/portal/__tests__/contractor-intake-proposal-scope-hardening.test.ts[2m > [22mcontractor portal intake proposal scope hardening[2m > [22mdenies non-contractor list reads before elevated proposal access[32m 7[2mms[22m[39m
 [32mΓ£ô[39m lib/portal/__tests__/contractor-intake-proposal-scope-hardening.test.ts[2m > [22mcontractor portal intake proposal scope hardening[2m > [22mallows same-contractor proposal detail reads and contractor addendum reads[32m 9[2mms[22m[39m
 [32mΓ£ô[39m lib/portal/__tests__/contractor-intake-proposal-scope-hardening.test.ts[2m > [22mcontractor portal intake proposal scope hardening[2m > [22mkeeps denied out-of-scope detail reads from loading attachments or comments[32m 7[2mms[22m[39m
 [32mΓ£ô[39m lib/portal/__tests__/contractor-intake-proposal-scope-hardening.test.ts[2m > [22mcontractor portal intake proposal scope hardening[2m > [22mallows same-contractor proposal comments after scoped proposal preflight[32m 3[2mms[22m[39m
 [32mΓ£ô[39m lib/portal/__tests__/contractor-intake-proposal-scope-hardening.test.ts[2m > [22mcontractor portal intake proposal scope hardening[2m > [22mdenies out-of-scope proposal comments before comment insert[32m 4[2mms[22m[39m
 [32mΓ£ô[39m lib/actions/__tests__/customer-profile-upsert-scope-hardening.test.ts[2m > [22mcustomer profile upsert same-account hardening[2m > [22mallows same-account internal upsertCustomerProfileFromForm and writes customer + jobs snapshots[32m 32[2mms[22m[39m
 [32mΓ£ô[39m lib/actions/__tests__/customer-profile-upsert-scope-hardening.test.ts[2m > [22mcustomer profile upsert same-account hardening[2m > [22mdenies cross-account internal upsertCustomerProfileFromForm before customer and jobs snapshot writes[32m 20[2mms[22m[39m
 [32mΓ£ô[39m lib/actions/__tests__/customer-profile-upsert-scope-hardening.test.ts[2m > [22mcustomer profile upsert same-account hardening[2m > [22mdenies non-internal upsertCustomerProfileFromForm before customer and jobs snapshot writes[32m 7[2mms[22m[39m
[90mstdout[2m | lib/actions/__tests__/job-lifecycle-scope-hardening.test.ts[2m > [22m[2minternal same-account lifecycle scheduling hardening[2m > [22m[2mallows same-account internal advanceJobStatusFromForm past scope preflight
[22m[39m[ADVANCE_STATUS_ENTRY] { jobId: [32m'job-1'[39m, ts: [32m'2026-04-25T12:56:44.931Z'[39m }

 [32mΓ£ô[39m lib/actions/__tests__/attachments-page-scope-hardening.test.ts[2m > [22mattachments-page-scope-hardening[2m > [22msame-account internal allow[2m > [22mallows same-account internal user to load page and access attachments[32m 2[2mms[22m[39m
 [32mΓ£ô[39m lib/actions/__tests__/attachments-page-scope-hardening.test.ts[2m > [22mattachments-page-scope-hardening[2m > [22mcross-account internal deny[2m > [22mdenies cross-account internal user before attachment row read[32m 0[2mms[22m[39m
 [32mΓ£ô[39m lib/actions/__tests__/attachments-page-scope-hardening.test.ts[2m > [22mattachments-page-scope-hardening[2m > [22mnon-internal deny[2m > [22mdenies non-internal user and redirects appropriately[32m 0[2mms[22m[39m
 [32mΓ£ô[39m lib/actions/__tests__/attachments-page-scope-hardening.test.ts[2m > [22mattachments-page-scope-hardening[2m > [22mdeny-before-read enforcement[2m > [22mdoes not read attachment rows if scope check fails[32m 0[2mms[22m[39m
 [32mΓ£ô[39m lib/actions/__tests__/attachments-page-scope-hardening.test.ts[2m > [22mattachments-page-scope-hardening[2m > [22mdeny-before-sign enforcement[2m > [22mdoes not call signed URL generation if scope check fails[32m 0[2mms[22m[39m
 [32mΓ£ô[39m lib/actions/__tests__/attachments-page-scope-hardening.test.ts[2m > [22mattachments-page-scope-hardening[2m > [22mcontractor redirect behavior preserved[2m > [22mredirects contractor users to portal as originally intended[32m 0[2mms[22m[39m
 [32mΓ£ô[39m lib/actions/__tests__/attachments-page-scope-hardening.test.ts[2m > [22mattachments-page-scope-hardening[2m > [22mexplicit same-account scoped-job preflight[2m > [22mcalls loadScopedInternalAttachmentJobForMutation with correct parameters[32m 1[2mms[22m[39m
 [32mΓ£ô[39m lib/actions/__tests__/internal-invoice-scope-hardening.test.ts[2m > [22minternal invoice mutation same-account hardening[2m > [22mallows same-account internal sendInternalInvoiceEmailFromForm past scoped-job preflight[32m 33[2mms[22m[39m
 [32mΓ£ô[39m lib/actions/__tests__/internal-invoice-scope-hardening.test.ts[2m > [22minternal invoice mutation same-account hardening[2m > [22mdenies non-internal sendInternalInvoiceEmailFromForm before invoice/jobs/events/notification writes and email side effects[32m 28[2mms[22m[39m
 [32mΓ£ô[39m lib/actions/__tests__/customer-null-owner-claim-scope-hardening.test.ts[2m > [22mnull-owner customer claim hardening[2m > [22mallows valid in-scope null-owner claim[32m 34[2mms[22m[39m
 [32mΓ£ô[39m lib/actions/__tests__/customer-null-owner-claim-scope-hardening.test.ts[2m > [22mnull-owner customer claim hardening[2m > [22mdenies claim when row is already owned before write[32m 20[2mms[22m[39m
 [32mΓ£ô[39m lib/actions/__tests__/customer-null-owner-claim-scope-hardening.test.ts[2m > [22mnull-owner customer claim hardening[2m > [22mdenies claim when row is missing before write[32m 8[2mms[22m[39m
 [32mΓ£ô[39m lib/actions/__tests__/contractor-crud-scope-hardening.test.ts[2m > [22mcontractor CRUD same-account hardening[2m > [22mdenies cross-account internal legacy createContractorFromForm before contractor insert[33m 379[2mms[22m[39m
 [32mΓ£ô[39m lib/actions/__tests__/notification-read-actions.test.ts[2m > [22minternal notification readers[2m > [22mkeeps proposal notifications visible to internal readers[32m 25[2mms[22m[39m
 [32mΓ£ô[39m lib/actions/__tests__/job-staffing-scope-hardening.test.ts[2m > [22minternal staffing same-account hardening[2m > [22mdenies cross-account internal setPrimaryJobAssigneeFromForm before assignment or staffing event writes[32m 139[2mms[22m[39m
 [32mΓ£ô[39m lib/portal/resolveContractorIssues.test.ts[2m > [22mresolveContractorIssues[2m > [22mdoes not collapse scheduled jobs to needs_info when only signal fields exist[32m 1[2mms[22m[39m
 [32mΓ£ô[39m lib/portal/resolveContractorIssues.test.ts[2m > [22mresolveContractorIssues[2m > [22mmaps pending_info ops status to needs_info[32m 0[2mms[22m[39m
 [32mΓ£ô[39m lib/portal/resolveContractorIssues.test.ts[2m > [22mresolveContractorIssues[2m > [22mkeeps closed jobs as passed even when stale note fields exist[32m 0[2mms[22m[39m
 [32mΓ£ô[39m lib/portal/resolveContractorIssues.test.ts[2m > [22mresolveContractorIssues[2m > [22mkeeps paperwork_required in in_progress bucket[32m 0[2mms[22m[39m
 [32mΓ£ô[39m lib/portal/resolveContractorIssues.test.ts[2m > [22mresolveContractorIssues[2m > [22mkeeps invoice_required in in_progress bucket[32m 0[2mms[22m[39m
 [32mΓ£ô[39m lib/portal/resolveContractorIssues.test.ts[2m > [22mresolveContractorIssues[2m > [22mmaps pending_office_review to under review in_progress state[32m 0[2mms[22m[39m
 [32mΓ£ô[39m lib/portal/resolveContractorIssues.test.ts[2m > [22mresolveContractorIssues[2m > [22muses retest scheduled override only for failed and retest_needed states[32m 0[2mms[22m[39m
 [32mΓ£ô[39m lib/actions/__tests__/ecc-save-complete-scope-hardening.test.ts[2m > [22minternal ECC save/save-complete same-account hardening[2m > [22mallows same-account internal saveAirflowDataFromForm past scoped ECC preflight[32m 176[2mms[22m[39m
 [32mΓ£ô[39m lib/actions/__tests__/ecc-action-scope-hardening.test.ts[2m > [22minternal ECC same-account hardening[2m > [22mdenies cross-account internal override update before write[32m 174[2mms[22m[39m
 [32mΓ£ô[39m lib/actions/__tests__/job-detail-customer-notes-data-entry-scope-hardening.test.ts[2m > [22minternal job-detail customer/notes/data-entry same-account hardening[2m > [22mallows same-account internal completeDataEntryFromForm past scoped-job preflight[32m 104[2mms[22m[39m
 [32mΓ£ô[39m lib/actions/__tests__/job-detail-customer-notes-data-entry-scope-hardening.test.ts[2m > [22minternal job-detail customer/notes/data-entry same-account hardening[2m > [22mdenies cross-account internal updateJobCustomerFromForm before jobs/job_events writes[32m 101[2mms[22m[39m
 [32mΓ£ô[39m lib/actions/__tests__/job-legacy-detail-entrypoint-scope-hardening.test.ts[2m > [22mlegacy job-detail entrypoint same-account hardening[2m > [22mallows same-account internal promoteCompanionScopeToServiceJobFromForm past scope preflight[32m 103[2mms[22m[39m
 [32mΓ£ô[39m lib/actions/__tests__/job-admin-terminal-scope-hardening.test.ts[2m > [22madmin terminal job mutation same-account hardening[2m > [22mdenies cross-account admin cancelJobFromForm before jobs/job_events writes[32m 114[2mms[22m[39m
 [32mΓ£ô[39m lib/actions/__tests__/job-admin-terminal-scope-hardening.test.ts[2m > [22madmin terminal job mutation same-account hardening[2m > [22mdenies non-admin internal terminal job actions before jobs/job_events writes[32m 88[2mms[22m[39m
 [32mΓ£ô[39m lib/actions/__tests__/job-lifecycle-scope-hardening.test.ts[2m > [22minternal same-account lifecycle scheduling hardening[2m > [22mallows same-account internal advanceJobStatusFromForm past scope preflight[32m 118[2mms[22m[39m
 [32mΓ£ô[39m lib/actions/__tests__/job-lifecycle-scope-hardening.test.ts[2m > [22minternal same-account lifecycle scheduling hardening[2m > [22mallows same-account internal revertOnTheWayFromForm past scope preflight[32m 89[2mms[22m[39m
 [32mΓ£ô[39m lib/actions/__tests__/job-action-scope-hardening.test.ts[2m > [22minternal same-account job mutation hardening[2m > [22mdenies cross-account internal visit scope mutation before write[32m 159[2mms[22m[39m
 [32mΓ£ô[39m lib/actions/__tests__/contractor-crud-scope-hardening.test.ts[2m > [22mcontractor CRUD same-account hardening[2m > [22mallows same-account internal legacy createContractorFromForm and stamps actor account owner[32m 153[2mms[22m[39m
 [32mΓ£ô[39m lib/actions/__tests__/job-contractor-relink-scope-hardening.test.ts[2m > [22mjob contractor relink same-account hardening[2m > [22mdenies forged cross-account contractor_id before jobs/job_events writes[32m 119[2mms[22m[39m
 [32mΓ£ô[39m lib/actions/__tests__/job-contractor-relink-scope-hardening.test.ts[2m > [22mjob contractor relink same-account hardening[2m > [22mallows same-account internal updateJobContractorFromForm and writes jobs/job_events[32m 94[2mms[22m[39m
 [32mΓ£ô[39m lib/ecc/__tests__/rule-profiles.test.ts[2m > [22mrule-profiles airflow threshold normalization[2m > [22mmaps airflow threshold to 350 CFM/ton for new-prescriptive aliases[32m 1[2mms[22m[39m
 [32mΓ£ô[39m lib/ecc/__tests__/rule-profiles.test.ts[2m > [22mrule-profiles airflow threshold normalization[2m > [22mkeeps alteration airflow threshold at 300 CFM/ton[32m 0[2mms[22m[39m
 [32mΓ£ô[39m lib/notifications/__tests__/internal-awareness.test.ts[2m > [22mcontractor awareness notification matching[2m > [22mtreats proposal review notifications as contractor updates[32m 2[2mms[22m[39m
 [32mΓ£ô[39m lib/actions/__tests__/job-staffing-scope-hardening.test.ts[2m > [22minternal staffing same-account hardening[2m > [22mdenies cross-account internal removeJobAssigneeFromForm before assignment or staffing event writes[32m 75[2mms[22m[39m
 [32mΓ£ô[39m lib/actions/__tests__/job-admin-terminal-scope-hardening.test.ts[2m > [22madmin terminal job mutation same-account hardening[2m > [22mdenies non-internal terminal job actions before jobs/job_events writes[32m 65[2mms[22m[39m
 [32mΓ£ô[39m lib/actions/__tests__/job-lifecycle-scope-hardening.test.ts[2m > [22minternal same-account lifecycle scheduling hardening[2m > [22mallows same-account internal updateJobScheduleFromForm past scope preflight[32m 62[2mms[22m[39m
 [32mΓ£ô[39m lib/actions/__tests__/equipment-action-scope-hardening.test.ts[2m > [22minternal equipment/system same-account hardening[2m > [22mallows same-account internal add equipment with coupled system creation[32m 174[2mms[22m[39m
 [32mΓ£ô[39m lib/actions/__tests__/equipment-action-scope-hardening.test.ts[2m > [22minternal equipment/system same-account hardening[2m > [22mdenies cross-account internal add equipment before coupled system or equipment writes[32m 81[2mms[22m[39m
 [32mΓ£ô[39m lib/actions/__tests__/job-legacy-detail-entrypoint-scope-hardening.test.ts[2m > [22mlegacy job-detail entrypoint same-account hardening[2m > [22mdenies non-internal promoteCompanionScopeToServiceJobFromForm before jobs/job_events writes[32m 51[2mms[22m[39m
 [32mΓ£ô[39m lib/actions/__tests__/job-legacy-detail-entrypoint-scope-hardening.test.ts[2m > [22mlegacy job-detail entrypoint same-account hardening[2m > [22mdenies cross-account internal createRetestJobFromForm before jobs/job_events writes[32m 46[2mms[22m[39m
 [32mΓ£ô[39m lib/actions/__tests__/ecc-action-scope-hardening.test.ts[2m > [22minternal ECC same-account hardening[2m > [22mallows same-account internal add test run[32m 79[2mms[22m[39m
 [32mΓ£ô[39m lib/actions/__tests__/ecc-action-scope-hardening.test.ts[2m > [22minternal ECC same-account hardening[2m > [22mdenies cross-account internal add test run before insert[32m 41[2mms[22m[39m
 [32mΓ£ô[39m lib/actions/__tests__/ecc-save-complete-scope-hardening.test.ts[2m > [22minternal ECC save/save-complete same-account hardening[2m > [22mallows same-account internal completeEccTestRunFromForm past scoped ECC preflight[32m 79[2mms[22m[39m
 [32mΓ£ô[39m lib/actions/__tests__/ecc-save-complete-scope-hardening.test.ts[2m > [22minternal ECC save/save-complete same-account hardening[2m > [22mallows same-account internal saveAndCompleteDuctLeakageFromForm past scoped ECC preflight[32m 42[2mms[22m[39m
 [32mΓ£ô[39m lib/actions/__tests__/job-detail-customer-notes-data-entry-scope-hardening.test.ts[2m > [22minternal job-detail customer/notes/data-entry same-account hardening[2m > [22mdenies cross-account internal addPublicNoteFromForm before jobs/job_events writes[32m 52[2mms[22m[39m
 [32mΓ£ô[39m lib/actions/__tests__/job-detail-customer-notes-data-entry-scope-hardening.test.ts[2m > [22minternal job-detail customer/notes/data-entry same-account hardening[2m > [22mdenies cross-account internal addInternalNoteFromForm before jobs/job_events writes[32m 46[2mms[22m[39m
 [32mΓ£ô[39m lib/actions/__tests__/job-detail-customer-notes-data-entry-scope-hardening.test.ts[2m > [22minternal job-detail customer/notes/data-entry same-account hardening[2m > [22mdenies cross-account internal completeDataEntryFromForm before jobs/job_events writes or ops projection work[32m 21[2mms[22m[39m
 [32mΓ£ô[39m lib/reports/__tests__/report-center-account-scope-hardening.test.ts[2m > [22mresolveReportAccountContractorIds[2m > [22mreturns only contractors belonging to the specified account owner[32m 2[2mms[22m[39m
 [32mΓ£ô[39m lib/reports/__tests__/report-center-account-scope-hardening.test.ts[2m > [22mresolveReportAccountContractorIds[2m > [22mreturns empty array for an unknown account owner[32m 1[2mms[22m[39m
 [32mΓ£ô[39m lib/reports/__tests__/report-center-account-scope-hardening.test.ts[2m > [22mresolveReportAccountCustomerIds[2m > [22mreturns only customers belonging to the specified account owner[32m 1[2mms[22m[39m
 [32mΓ£ô[39m lib/reports/__tests__/report-center-account-scope-hardening.test.ts[2m > [22maccountScopeInList[2m > [22mreturns the ids when non-empty[32m 0[2mms[22m[39m
 [32mΓ£ô[39m lib/reports/__tests__/report-center-account-scope-hardening.test.ts[2m > [22maccountScopeInList[2m > [22mreturns sentinel UUID when empty to prevent zero-length .in() call[32m 0[2mms[22m[39m
 [32mΓ£ô[39m lib/reports/__tests__/report-center-account-scope-hardening.test.ts[2m > [22mlistJobVisitLedgerRows account-scope boundary[2m > [22msame-account internal user sees their own jobs[32m 13[2mms[22m[39m
 [32mΓ£ô[39m lib/reports/__tests__/report-center-account-scope-hardening.test.ts[2m > [22mlistJobVisitLedgerRows account-scope boundary[2m > [22mcross-account internal user sees zero rows[32m 0[2mms[22m[39m
 [32mΓ£ô[39m lib/reports/__tests__/report-center-account-scope-hardening.test.ts[2m > [22mlistJobVisitLedgerRows account-scope boundary[2m > [22maccount with no contractors returns empty result immediately[32m 0[2mms[22m[39m
 [32mΓ£ô[39m lib/reports/__tests__/report-center-account-scope-hardening.test.ts[2m > [22mlistServiceCaseContinuityRows account-scope boundary[2m > [22msame-account internal user sees their own service cases[32m 1[2mms[22m[39m
 [32mΓ£ô[39m lib/reports/__tests__/report-center-account-scope-hardening.test.ts[2m > [22mlistServiceCaseContinuityRows account-scope boundary[2m > [22mcross-account internal user sees zero service cases[32m 0[2mms[22m[39m
 [32mΓ£ô[39m lib/reports/__tests__/report-center-account-scope-hardening.test.ts[2m > [22mbuildOperationalKpiReadModel account-scope boundary[2m > [22maccount A owner receives metrics derived only from account A jobs[32m 0[2mms[22m[39m
 [32mΓ£ô[39m lib/reports/__tests__/report-center-account-scope-hardening.test.ts[2m > [22mbuildOperationalKpiReadModel account-scope boundary[2m > [22maccount with no contractors produces zero open visits[32m 0[2mms[22m[39m
 [32mΓ£ô[39m lib/reports/__tests__/report-center-account-scope-hardening.test.ts[2m > [22mbuildContinuityKpiReadModel account-scope boundary[2m > [22maccount A owner receives metrics derived only from account A service cases[32m 0[2mms[22m[39m
 [32mΓ£ô[39m lib/reports/__tests__/report-center-account-scope-hardening.test.ts[2m > [22mbuildContinuityKpiReadModel account-scope boundary[2m > [22maccount with no customers produces zero case counts[32m 0[2mms[22m[39m
 [32mΓ£ô[39m lib/reports/__tests__/report-center-account-scope-hardening.test.ts[2m > [22minvoice report billing-mode honesty[2m > [22maccount scope helper does not surface cross-account contractor IDs[32m 0[2mms[22m[39m
 [32mΓ£ô[39m lib/actions/__tests__/job-action-scope-hardening.test.ts[2m > [22minternal same-account job mutation hardening[2m > [22mallows same-account internal service contract and linked service-case mutation[32m 86[2mms[22m[39m
 [32mΓ£ô[39m lib/actions/__tests__/job-action-scope-hardening.test.ts[2m > [22minternal same-account job mutation hardening[2m > [22mdenies cross-account internal service contract mutation before job and service-case writes[32m 33[2mms[22m[39m
 [32mΓ£ô[39m lib/actions/__tests__/job-legacy-detail-entrypoint-scope-hardening.test.ts[2m > [22mlegacy job-detail entrypoint same-account hardening[2m > [22mallows same-account internal createRetestJobFromForm past scope preflight[32m 21[2mms[22m[39m
 [32mΓ£ô[39m lib/actions/__tests__/job-legacy-detail-entrypoint-scope-hardening.test.ts[2m > [22mlegacy job-detail entrypoint same-account hardening[2m > [22mdenies non-internal createRetestJobFromForm before jobs/job_events writes[32m 28[2mms[22m[39m
 [32mΓ£ô[39m lib/actions/__tests__/job-staffing-scope-hardening.test.ts[2m > [22minternal staffing same-account hardening[2m > [22mallows same-account internal assignJobAssigneeFromForm and scopes assignable teammate validation[32m 57[2mms[22m[39m
 [32mΓ£ô[39m lib/actions/__tests__/job-staffing-scope-hardening.test.ts[2m > [22minternal staffing same-account hardening[2m > [22mallows same-account internal setPrimaryJobAssigneeFromForm past scoped job preflight[32m 25[2mms[22m[39m
 [32mΓ£ô[39m lib/actions/__tests__/job-staffing-scope-hardening.test.ts[2m > [22minternal staffing same-account hardening[2m > [22mallows same-account internal removeJobAssigneeFromForm past scoped job preflight[32m 29[2mms[22m[39m
 [32mΓ£ô[39m lib/actions/__tests__/equipment-action-scope-hardening.test.ts[2m > [22minternal equipment/system same-account hardening[2m > [22mallows same-account internal update equipment with coupled system creation and orphan delete[32m 40[2mms[22m[39m
 [32mΓ£ô[39m lib/actions/__tests__/equipment-action-scope-hardening.test.ts[2m > [22minternal equipment/system same-account hardening[2m > [22mdenies cross-account internal update equipment before coupled system or equipment writes[32m 36[2mms[22m[39m
 [32mΓ£ô[39m lib/actions/__tests__/equipment-action-scope-hardening.test.ts[2m > [22minternal equipment/system same-account hardening[2m > [22mallows same-account internal delete equipment with coupled orphan system delete[32m 35[2mms[22m[39m
 [32mΓ£ô[39m lib/actions/__tests__/job-detail-customer-notes-data-entry-scope-hardening.test.ts[2m > [22minternal job-detail customer/notes/data-entry same-account hardening[2m > [22mdenies non-internal updateJobCustomerFromForm before jobs/job_events writes[32m 20[2mms[22m[39m
 [32mΓ£ô[39m lib/actions/__tests__/job-detail-customer-notes-data-entry-scope-hardening.test.ts[2m > [22minternal job-detail customer/notes/data-entry same-account hardening[2m > [22mdenies non-internal addPublicNoteFromForm before jobs/job_events writes[32m 24[2mms[22m[39m
 [32mΓ£ô[39m lib/actions/__tests__/job-detail-customer-notes-data-entry-scope-hardening.test.ts[2m > [22minternal job-detail customer/notes/data-entry same-account hardening[2m > [22mdenies non-internal addInternalNoteFromForm before jobs/job_events writes[32m 23[2mms[22m[39m
 [32mΓ£ô[39m lib/actions/__tests__/job-detail-customer-notes-data-entry-scope-hardening.test.ts[2m > [22minternal job-detail customer/notes/data-entry same-account hardening[2m > [22mdenies non-internal completeDataEntryFromForm before jobs/job_events writes or ops projection work[32m 18[2mms[22m[39m
 [32mΓ£ô[39m lib/actions/__tests__/equipment-action-scope-hardening.test.ts[2m > [22minternal equipment/system same-account hardening[2m > [22mdenies cross-account internal delete equipment before equipment or coupled system delete[32m 27[2mms[22m[39m
 [32mΓ£ô[39m lib/actions/__tests__/ecc-save-complete-scope-hardening.test.ts[2m > [22minternal ECC save/save-complete same-account hardening[2m > [22mallows same-account internal saveAndCompleteAirflowFromForm past scoped ECC preflight[32m 35[2mms[22m[39m
 [32mΓ£ô[39m lib/actions/__tests__/ecc-save-complete-scope-hardening.test.ts[2m > [22minternal ECC save/save-complete same-account hardening[2m > [22mallows same-account internal saveAndCompleteRefrigerantChargeFromForm past scoped ECC preflight[32m 34[2mms[22m[39m
 [32mΓ£ô[39m lib/actions/__tests__/ecc-save-complete-scope-hardening.test.ts[2m > [22minternal ECC save/save-complete same-account hardening[2m > [22mdenies cross-account internal saveRefrigerantChargeDataFromForm before ecc_test_runs writes[32m 25[2mms[22m[39m
 [32mΓ£ô[39m lib/actions/__tests__/ecc-save-complete-scope-hardening.test.ts[2m > [22minternal ECC save/save-complete same-account hardening[2m > [22mdenies cross-account internal saveAirflowDataFromForm before ecc_test_runs writes[32m 22[2mms[22m[39m
 [32mΓ£ô[39m lib/actions/__tests__/ecc-action-scope-hardening.test.ts[2m > [22minternal ECC same-account hardening[2m > [22mallows same-account internal delete test run[32m 36[2mms[22m[39m
 [32mΓ£ô[39m lib/actions/__tests__/ecc-action-scope-hardening.test.ts[2m > [22minternal ECC same-account hardening[2m > [22mdenies cross-account internal delete test run before delete[32m 36[2mms[22m[39m
 [32mΓ£ô[39m lib/actions/__tests__/ecc-action-scope-hardening.test.ts[2m > [22minternal ECC same-account hardening[2m > [22mallows same-account internal duct leakage test save[32m 23[2mms[22m[39m
 [32mΓ£ô[39m lib/actions/__tests__/ecc-action-scope-hardening.test.ts[2m > [22minternal ECC same-account hardening[2m > [22mdenies cross-account internal duct leakage test save before write[32m 22[2mms[22m[39m
 [32mΓ£ô[39m lib/actions/__tests__/ecc-save-complete-scope-hardening.test.ts[2m > [22minternal ECC save/save-complete same-account hardening[2m > [22mdenies cross-account internal completeEccTestRunFromForm before ecc_test_runs writes[32m 21[2mms[22m[39m
 [32mΓ£ô[39m lib/actions/__tests__/ecc-save-complete-scope-hardening.test.ts[2m > [22minternal ECC save/save-complete same-account hardening[2m > [22mdenies cross-account internal saveAndCompleteDuctLeakageFromForm before ecc_test_runs writes[32m 14[2mms[22m[39m
 [32mΓ£ô[39m lib/actions/__tests__/ecc-save-complete-scope-hardening.test.ts[2m > [22minternal ECC save/save-complete same-account hardening[2m > [22mdenies cross-account internal saveAndCompleteAirflowFromForm before ecc_test_runs writes[32m 16[2mms[22m[39m
 [32mΓ£ô[39m lib/actions/__tests__/ecc-save-complete-scope-hardening.test.ts[2m > [22minternal ECC save/save-complete same-account hardening[2m > [22mdenies cross-account internal saveAndCompleteRefrigerantChargeFromForm before ecc_test_runs writes[32m 14[2mms[22m[39m
 [32mΓ£ô[39m lib/actions/__tests__/ecc-save-complete-scope-hardening.test.ts[2m > [22minternal ECC save/save-complete same-account hardening[2m > [22mdenies non-internal saveRefrigerantChargeDataFromForm before ecc_test_runs writes[32m 14[2mms[22m[39m
 [32mΓ£ô[39m lib/actions/__tests__/ecc-save-complete-scope-hardening.test.ts[2m > [22minternal ECC save/save-complete same-account hardening[2m > [22mdenies non-internal saveAirflowDataFromForm before ecc_test_runs writes[32m 13[2mms[22m[39m
 [32mΓ£ô[39m lib/actions/__tests__/ecc-save-complete-scope-hardening.test.ts[2m > [22minternal ECC save/save-complete same-account hardening[2m > [22mdenies non-internal completeEccTestRunFromForm before ecc_test_runs writes[32m 15[2mms[22m[39m
 [32mΓ£ô[39m lib/actions/__tests__/ecc-save-complete-scope-hardening.test.ts[2m > [22minternal ECC save/save-complete same-account hardening[2m > [22mdenies non-internal saveAndCompleteDuctLeakageFromForm before ecc_test_runs writes[32m 12[2mms[22m[39m
 [32mΓ£ô[39m lib/actions/__tests__/ecc-save-complete-scope-hardening.test.ts[2m > [22minternal ECC save/save-complete same-account hardening[2m > [22mdenies non-internal saveAndCompleteAirflowFromForm before ecc_test_runs writes[32m 12[2mms[22m[39m
 [32mΓ£ô[39m lib/actions/__tests__/ecc-save-complete-scope-hardening.test.ts[2m > [22minternal ECC save/save-complete same-account hardening[2m > [22mdenies non-internal saveAndCompleteRefrigerantChargeFromForm before ecc_test_runs writes[32m 12[2mms[22m[39m

[2m Test Files [22m [1m[32m40 passed[39m[22m[90m (40)[39m
[2m      Tests [22m [1m[32m284 passed[39m[22m[90m (284)[39m
[2m   Start at [22m 05:56:43
[2m   Duration [22m 1.71s[2m (transform 4.09s, setup 0ms, collect 5.37s, tests 16.19s, environment 6ms, prepare 6.27s)[22m

